GPU available: True (cuda), used: True
TPU available: False, using: 0 TPU cores
HPU available: False, using: 0 HPUs
You are using a CUDA device ('NVIDIA H200') that has Tensor Cores. To properly utilize them, you should set `torch.set_float32_matmul_precision('medium' | 'high')` which will trade-off precision for performance. For more details, read https://pytorch.org/docs/stable/generated/torch.set_float32_matmul_precision.html#torch.set_float32_matmul_precision
Initializing distributed: GLOBAL_RANK: 0, MEMBER: 1/8
Initializing distributed: GLOBAL_RANK: 4, MEMBER: 5/8
Initializing distributed: GLOBAL_RANK: 1, MEMBER: 2/8
Initializing distributed: GLOBAL_RANK: 5, MEMBER: 6/8
Initializing distributed: GLOBAL_RANK: 6, MEMBER: 7/8
Initializing distributed: GLOBAL_RANK: 7, MEMBER: 8/8
Initializing distributed: GLOBAL_RANK: 2, MEMBER: 3/8
Initializing distributed: GLOBAL_RANK: 3, MEMBER: 4/8
----------------------------------------------------------------------------------------------------
distributed_backend=nccl
All distributed processes registered. Starting with 8 processes
----------------------------------------------------------------------------------------------------

/home1/ppatel2025/miniconda3/envs/tito_env/lib/python3.12/site-packages/pytorch_lightning/callbacks/model_checkpoint.py:654: Checkpoint directory /home1/ppatel2025/nowcasting2/nowcaster_models/ldcast/checkpoints_larger_model exists and is not empty.
Restoring states from the checkpoint path at /home1/ppatel2025/nowcasting2/nowcaster_models/ldcast/checkpoints_larger_model/last.ckpt
/home1/ppatel2025/miniconda3/envs/tito_env/lib/python3.12/site-packages/pytorch_lightning/callbacks/model_checkpoint.py:362: The dirpath has changed from '/home1/ppatel2025/nowcasting2/nowcaster_models/ldcast/checkpoints' to '/home1/ppatel2025/nowcasting2/nowcaster_models/ldcast/checkpoints_larger_model', therefore `best_model_score`, `kth_best_model_path`, `kth_value`, `last_model_path` and `best_k_models` won't be reloaded. Only `best_model_path` will be reloaded.
LOCAL_RANK: 1 - CUDA_VISIBLE_DEVICES: [0,1,2,3,4,5,6,7]
/home1/ppatel2025/miniconda3/envs/tito_env/lib/python3.12/site-packages/pytorch_lightning/callbacks/model_checkpoint.py:362: The dirpath has changed from '/home1/ppatel2025/nowcasting2/nowcaster_models/ldcast/checkpoints' to '/home1/ppatel2025/nowcasting2/nowcaster_models/ldcast/checkpoints_larger_model', therefore `best_model_score`, `kth_best_model_path`, `kth_value`, `last_model_path` and `best_k_models` won't be reloaded. Only `best_model_path` will be reloaded.
LOCAL_RANK: 6 - CUDA_VISIBLE_DEVICES: [0,1,2,3,4,5,6,7]
/home1/ppatel2025/miniconda3/envs/tito_env/lib/python3.12/site-packages/pytorch_lightning/callbacks/model_checkpoint.py:362: The dirpath has changed from '/home1/ppatel2025/nowcasting2/nowcaster_models/ldcast/checkpoints' to '/home1/ppatel2025/nowcasting2/nowcaster_models/ldcast/checkpoints_larger_model', therefore `best_model_score`, `kth_best_model_path`, `kth_value`, `last_model_path` and `best_k_models` won't be reloaded. Only `best_model_path` will be reloaded.
LOCAL_RANK: 7 - CUDA_VISIBLE_DEVICES: [0,1,2,3,4,5,6,7]
/home1/ppatel2025/miniconda3/envs/tito_env/lib/python3.12/site-packages/pytorch_lightning/callbacks/model_checkpoint.py:362: The dirpath has changed from '/home1/ppatel2025/nowcasting2/nowcaster_models/ldcast/checkpoints' to '/home1/ppatel2025/nowcasting2/nowcaster_models/ldcast/checkpoints_larger_model', therefore `best_model_score`, `kth_best_model_path`, `kth_value`, `last_model_path` and `best_k_models` won't be reloaded. Only `best_model_path` will be reloaded.
LOCAL_RANK: 0 - CUDA_VISIBLE_DEVICES: [0,1,2,3,4,5,6,7]
/home1/ppatel2025/miniconda3/envs/tito_env/lib/python3.12/site-packages/pytorch_lightning/callbacks/model_checkpoint.py:362: The dirpath has changed from '/home1/ppatel2025/nowcasting2/nowcaster_models/ldcast/checkpoints' to '/home1/ppatel2025/nowcasting2/nowcaster_models/ldcast/checkpoints_larger_model', therefore `best_model_score`, `kth_best_model_path`, `kth_value`, `last_model_path` and `best_k_models` won't be reloaded. Only `best_model_path` will be reloaded.
LOCAL_RANK: 3 - CUDA_VISIBLE_DEVICES: [0,1,2,3,4,5,6,7]
/home1/ppatel2025/miniconda3/envs/tito_env/lib/python3.12/site-packages/pytorch_lightning/callbacks/model_checkpoint.py:362: The dirpath has changed from '/home1/ppatel2025/nowcasting2/nowcaster_models/ldcast/checkpoints' to '/home1/ppatel2025/nowcasting2/nowcaster_models/ldcast/checkpoints_larger_model', therefore `best_model_score`, `kth_best_model_path`, `kth_value`, `last_model_path` and `best_k_models` won't be reloaded. Only `best_model_path` will be reloaded.
LOCAL_RANK: 4 - CUDA_VISIBLE_DEVICES: [0,1,2,3,4,5,6,7]
/home1/ppatel2025/miniconda3/envs/tito_env/lib/python3.12/site-packages/pytorch_lightning/callbacks/model_checkpoint.py:362: The dirpath has changed from '/home1/ppatel2025/nowcasting2/nowcaster_models/ldcast/checkpoints' to '/home1/ppatel2025/nowcasting2/nowcaster_models/ldcast/checkpoints_larger_model', therefore `best_model_score`, `kth_best_model_path`, `kth_value`, `last_model_path` and `best_k_models` won't be reloaded. Only `best_model_path` will be reloaded.
LOCAL_RANK: 5 - CUDA_VISIBLE_DEVICES: [0,1,2,3,4,5,6,7]
/home1/ppatel2025/miniconda3/envs/tito_env/lib/python3.12/site-packages/pytorch_lightning/callbacks/model_checkpoint.py:362: The dirpath has changed from '/home1/ppatel2025/nowcasting2/nowcaster_models/ldcast/checkpoints' to '/home1/ppatel2025/nowcasting2/nowcaster_models/ldcast/checkpoints_larger_model', therefore `best_model_score`, `kth_best_model_path`, `kth_value`, `last_model_path` and `best_k_models` won't be reloaded. Only `best_model_path` will be reloaded.
LOCAL_RANK: 2 - CUDA_VISIBLE_DEVICES: [0,1,2,3,4,5,6,7]
/home1/ppatel2025/miniconda3/envs/tito_env/lib/python3.12/site-packages/torch/optim/lr_scheduler.py:62: UserWarning: The verbose parameter is deprecated. Please use get_last_lr() to access the learning rate.
  warnings.warn(
/home1/ppatel2025/miniconda3/envs/tito_env/lib/python3.12/site-packages/torch/optim/lr_scheduler.py:62: UserWarning: The verbose parameter is deprecated. Please use get_last_lr() to access the learning rate.
  warnings.warn(
/home1/ppatel2025/miniconda3/envs/tito_env/lib/python3.12/site-packages/torch/optim/lr_scheduler.py:62: UserWarning: The verbose parameter is deprecated. Please use get_last_lr() to access the learning rate.
  warnings.warn(
/home1/ppatel2025/miniconda3/envs/tito_env/lib/python3.12/site-packages/torch/optim/lr_scheduler.py:62: UserWarning: The verbose parameter is deprecated. Please use get_last_lr() to access the learning rate.
  warnings.warn(
/home1/ppatel2025/miniconda3/envs/tito_env/lib/python3.12/site-packages/torch/optim/lr_scheduler.py:62: UserWarning: The verbose parameter is deprecated. Please use get_last_lr() to access the learning rate.
  warnings.warn(
/home1/ppatel2025/miniconda3/envs/tito_env/lib/python3.12/site-packages/torch/optim/lr_scheduler.py:62: UserWarning: The verbose parameter is deprecated. Please use get_last_lr() to access the learning rate.
  warnings.warn(
/home1/ppatel2025/miniconda3/envs/tito_env/lib/python3.12/site-packages/torch/optim/lr_scheduler.py:62: UserWarning: The verbose parameter is deprecated. Please use get_last_lr() to access the learning rate.
  warnings.warn(
/home1/ppatel2025/miniconda3/envs/tito_env/lib/python3.12/site-packages/torch/optim/lr_scheduler.py:62: UserWarning: The verbose parameter is deprecated. Please use get_last_lr() to access the learning rate.
  warnings.warn(

  | Name            | Type                  | Params | Mode 
------------------------------------------------------------------
0 | model           | UNetModel             | 664 M  | train
1 | autoencoder     | IdentityAutoencoder   | 0      | train
2 | context_encoder | AFNONowcastNetCascade | 6.0 M  | train
3 | model_ema       | LitEma                | 0      | train
------------------------------------------------------------------
670 M     Trainable params
0         Non-trainable params
670 M     Total params
2,682.101 Total estimated model params size (MB)
524       Modules in train mode
0         Modules in eval mode
Restored all states from the checkpoint at /home1/ppatel2025/nowcasting2/nowcaster_models/ldcast/checkpoints_larger_model/last.ckpt
SLURM auto-requeueing enabled. Setting signal handlers.
SLURM auto-requeueing enabled. Setting signal handlers.
SLURM auto-requeueing enabled. Setting signal handlers.
SLURM auto-requeueing enabled. Setting signal handlers.
SLURM auto-requeueing enabled. Setting signal handlers.
SLURM auto-requeueing enabled. Setting signal handlers.
SLURM auto-requeueing enabled. Setting signal handlers.
SLURM auto-requeueing enabled. Setting signal handlers.
/home1/ppatel2025/miniconda3/envs/tito_env/lib/python3.12/site-packages/pytorch_lightning/trainer/connectors/data_connector.py:424: The 'val_dataloader' does not have many workers which may be a bottleneck. Consider increasing the value of the `num_workers` argument` to `num_workers=10` in the `DataLoader` to improve performance.
/home1/ppatel2025/miniconda3/envs/tito_env/lib/python3.12/site-packages/pytorch_lightning/trainer/connectors/data_connector.py:424: The 'train_dataloader' does not have many workers which may be a bottleneck. Consider increasing the value of the `num_workers` argument` to `num_workers=10` in the `DataLoader` to improve performance.
/home1/ppatel2025/miniconda3/envs/tito_env/lib/python3.12/site-packages/torch/autograd/graph.py:825: UserWarning: Grad strides do not match bucket view strides. This may indicate grad was not created according to the gradient layout contract, or that the param's strides changed since DDP was constructed.  This is not an error, but may impair performance.
grad.sizes() = [256, 512, 1, 1, 1], strides() = [512, 1, 512, 512, 512]
bucket_view.sizes() = [256, 512, 1, 1, 1], strides() = [512, 1, 1, 1, 1] (Triggered internally at ../torch/csrc/distributed/c10d/reducer.cpp:327.)
  return Variable._execution_engine.run_backward(  # Calls into the C++ engine to run the backward pass
/home1/ppatel2025/miniconda3/envs/tito_env/lib/python3.12/site-packages/torch/autograd/graph.py:825: UserWarning: Grad strides do not match bucket view strides. This may indicate grad was not created according to the gradient layout contract, or that the param's strides changed since DDP was constructed.  This is not an error, but may impair performance.
grad.sizes() = [256, 512, 1, 1, 1], strides() = [512, 1, 512, 512, 512]
bucket_view.sizes() = [256, 512, 1, 1, 1], strides() = [512, 1, 1, 1, 1] (Triggered internally at ../torch/csrc/distributed/c10d/reducer.cpp:327.)
  return Variable._execution_engine.run_backward(  # Calls into the C++ engine to run the backward pass
/home1/ppatel2025/miniconda3/envs/tito_env/lib/python3.12/site-packages/torch/autograd/graph.py:825: UserWarning: Grad strides do not match bucket view strides. This may indicate grad was not created according to the gradient layout contract, or that the param's strides changed since DDP was constructed.  This is not an error, but may impair performance.
grad.sizes() = [256, 512, 1, 1, 1], strides() = [512, 1, 512, 512, 512]
bucket_view.sizes() = [256, 512, 1, 1, 1], strides() = [512, 1, 1, 1, 1] (Triggered internally at ../torch/csrc/distributed/c10d/reducer.cpp:327.)
  return Variable._execution_engine.run_backward(  # Calls into the C++ engine to run the backward pass
/home1/ppatel2025/miniconda3/envs/tito_env/lib/python3.12/site-packages/torch/autograd/graph.py:825: UserWarning: Grad strides do not match bucket view strides. This may indicate grad was not created according to the gradient layout contract, or that the param's strides changed since DDP was constructed.  This is not an error, but may impair performance.
grad.sizes() = [256, 512, 1, 1, 1], strides() = [512, 1, 512, 512, 512]
bucket_view.sizes() = [256, 512, 1, 1, 1], strides() = [512, 1, 1, 1, 1] (Triggered internally at ../torch/csrc/distributed/c10d/reducer.cpp:327.)
  return Variable._execution_engine.run_backward(  # Calls into the C++ engine to run the backward pass
/home1/ppatel2025/miniconda3/envs/tito_env/lib/python3.12/site-packages/torch/autograd/graph.py:825: UserWarning: Grad strides do not match bucket view strides. This may indicate grad was not created according to the gradient layout contract, or that the param's strides changed since DDP was constructed.  This is not an error, but may impair performance.
grad.sizes() = [256, 512, 1, 1, 1], strides() = [512, 1, 512, 512, 512]
bucket_view.sizes() = [256, 512, 1, 1, 1], strides() = [512, 1, 1, 1, 1] (Triggered internally at ../torch/csrc/distributed/c10d/reducer.cpp:327.)
  return Variable._execution_engine.run_backward(  # Calls into the C++ engine to run the backward pass
/home1/ppatel2025/miniconda3/envs/tito_env/lib/python3.12/site-packages/torch/autograd/graph.py:825: UserWarning: Grad strides do not match bucket view strides. This may indicate grad was not created according to the gradient layout contract, or that the param's strides changed since DDP was constructed.  This is not an error, but may impair performance.
grad.sizes() = [256, 512, 1, 1, 1], strides() = [512, 1, 512, 512, 512]
bucket_view.sizes() = [256, 512, 1, 1, 1], strides() = [512, 1, 1, 1, 1] (Triggered internally at ../torch/csrc/distributed/c10d/reducer.cpp:327.)
  return Variable._execution_engine.run_backward(  # Calls into the C++ engine to run the backward pass
/home1/ppatel2025/miniconda3/envs/tito_env/lib/python3.12/site-packages/torch/autograd/graph.py:825: UserWarning: Grad strides do not match bucket view strides. This may indicate grad was not created according to the gradient layout contract, or that the param's strides changed since DDP was constructed.  This is not an error, but may impair performance.
grad.sizes() = [256, 512, 1, 1, 1], strides() = [512, 1, 512, 512, 512]
bucket_view.sizes() = [256, 512, 1, 1, 1], strides() = [512, 1, 1, 1, 1] (Triggered internally at ../torch/csrc/distributed/c10d/reducer.cpp:327.)
  return Variable._execution_engine.run_backward(  # Calls into the C++ engine to run the backward pass
/home1/ppatel2025/miniconda3/envs/tito_env/lib/python3.12/site-packages/torch/autograd/graph.py:825: UserWarning: Grad strides do not match bucket view strides. This may indicate grad was not created according to the gradient layout contract, or that the param's strides changed since DDP was constructed.  This is not an error, but may impair performance.
grad.sizes() = [256, 512, 1, 1, 1], strides() = [512, 1, 512, 512, 512]
bucket_view.sizes() = [256, 512, 1, 1, 1], strides() = [512, 1, 1, 1, 1] (Triggered internally at ../torch/csrc/distributed/c10d/reducer.cpp:327.)
  return Variable._execution_engine.run_backward(  # Calls into the C++ engine to run the backward pass
/home1/ppatel2025/miniconda3/envs/tito_env/lib/python3.12/site-packages/pytorch_lightning/trainer/connectors/logger_connector/result.py:431: It is recommended to use `self.log('train_loss', ..., sync_dist=True)` when logging on epoch level in distributed setting to accumulate the metric across devices.
[rank: 0] Monitored metric val_loss_ema did not improve in the last 20 records. Best score: 0.034. Signaling Trainer to stop.
[rank: 1] Monitored metric val_loss_ema did not improve in the last 20 records. Best score: 0.034. Signaling Trainer to stop.
[rank: 5] Monitored metric val_loss_ema did not improve in the last 20 records. Best score: 0.034. Signaling Trainer to stop.
[rank: 4] Monitored metric val_loss_ema did not improve in the last 20 records. Best score: 0.034. Signaling Trainer to stop.
[rank: 2] Monitored metric val_loss_ema did not improve in the last 20 records. Best score: 0.034. Signaling Trainer to stop.
[rank: 3] Monitored metric val_loss_ema did not improve in the last 20 records. Best score: 0.034. Signaling Trainer to stop.
[rank: 7] Monitored metric val_loss_ema did not improve in the last 20 records. Best score: 0.034. Signaling Trainer to stop.
[rank: 6] Monitored metric val_loss_ema did not improve in the last 20 records. Best score: 0.034. Signaling Trainer to stop.
