Setting up data pipeline...
Loading patches for IMERG from /home1/ppatel2025/nowcasting2/nowcaster_models/ldcast/data/IMERG...
Setting up data pipeline...
Loading patches for IMERG from /home1/ppatel2025/nowcasting2/nowcaster_models/ldcast/data/IMERG...
Setting up data pipeline...
Loading patches for IMERG from /home1/ppatel2025/nowcasting2/nowcaster_models/ldcast/data/IMERG...
Setting up data pipeline...
Loading patches for IMERG from /home1/ppatel2025/nowcasting2/nowcaster_models/ldcast/data/IMERG...
Setting up data pipeline...
Loading patches for IMERG from /home1/ppatel2025/nowcasting2/nowcaster_models/ldcast/data/IMERG...
Setting up data pipeline...
Loading patches for IMERG from /home1/ppatel2025/nowcasting2/nowcaster_models/ldcast/data/IMERG...
Setting up data pipeline...
Loading patches for IMERG from /home1/ppatel2025/nowcasting2/nowcaster_models/ldcast/data/IMERG...
Setting up data pipeline...
Loading patches for IMERG from /home1/ppatel2025/nowcasting2/nowcaster_models/ldcast/data/IMERG...
  Data patches: 268606
  Zero patches: 555646
Splitting into train/valid/test...
  train: 202981 data patches, 348817 zero patches
  valid: 54065 data patches, 182344 zero patches
  test: 11560 data patches, 24105 zero patches
Creating DataModule...
Loading cached sampler from /home1/ppatel2025/nowcasting2/nowcaster_models/ldcast/cache/sampler_valid.pkl.
Loading cached sampler from /home1/ppatel2025/nowcasting2/nowcaster_models/ldcast/cache/sampler_test.pkl.
Loading cached sampler from /home1/ppatel2025/nowcasting2/nowcaster_models/ldcast/cache/sampler_train.pkl.
DataModule ready.
Building model...
Total parameters: 670,525,313
Trainable parameters: 670,525,313
Starting training...
  Data patches: 268606
  Zero patches: 555646
Splitting into train/valid/test...
  train: 202981 data patches, 348817 zero patches
  valid: 54065 data patches, 182344 zero patches
  test: 11560 data patches, 24105 zero patches
Creating DataModule...
Loading cached sampler from /home1/ppatel2025/nowcasting2/nowcaster_models/ldcast/cache/sampler_valid.pkl.
Loading cached sampler from /home1/ppatel2025/nowcasting2/nowcaster_models/ldcast/cache/sampler_test.pkl.
Loading cached sampler from /home1/ppatel2025/nowcasting2/nowcaster_models/ldcast/cache/sampler_train.pkl.
DataModule ready.
Building model...
Total parameters: 670,525,313
Trainable parameters: 670,525,313
Starting training...
  Data patches: 268606
  Zero patches: 555646
Splitting into train/valid/test...
  train: 202981 data patches, 348817 zero patches
  valid: 54065 data patches, 182344 zero patches
  test: 11560 data patches, 24105 zero patches
Creating DataModule...
Loading cached sampler from /home1/ppatel2025/nowcasting2/nowcaster_models/ldcast/cache/sampler_valid.pkl.
Loading cached sampler from /home1/ppatel2025/nowcasting2/nowcaster_models/ldcast/cache/sampler_test.pkl.
Loading cached sampler from /home1/ppatel2025/nowcasting2/nowcaster_models/ldcast/cache/sampler_train.pkl.
DataModule ready.
Building model...
Total parameters: 670,525,313
Trainable parameters: 670,525,313
Starting training...
  Data patches: 268606
  Zero patches: 555646
Splitting into train/valid/test...
  train: 202981 data patches, 348817 zero patches
  valid: 54065 data patches, 182344 zero patches
  test: 11560 data patches, 24105 zero patches
Creating DataModule...
Loading cached sampler from /home1/ppatel2025/nowcasting2/nowcaster_models/ldcast/cache/sampler_valid.pkl.
Loading cached sampler from /home1/ppatel2025/nowcasting2/nowcaster_models/ldcast/cache/sampler_test.pkl.
Loading cached sampler from /home1/ppatel2025/nowcasting2/nowcaster_models/ldcast/cache/sampler_train.pkl.
DataModule ready.
Building model...
Total parameters: 670,525,313
Trainable parameters: 670,525,313
Starting training...
  Data patches: 268606
  Zero patches: 555646
Splitting into train/valid/test...
  train: 202981 data patches, 348817 zero patches
  valid: 54065 data patches, 182344 zero patches
  test: 11560 data patches, 24105 zero patches
Creating DataModule...
Loading cached sampler from /home1/ppatel2025/nowcasting2/nowcaster_models/ldcast/cache/sampler_valid.pkl.
Loading cached sampler from /home1/ppatel2025/nowcasting2/nowcaster_models/ldcast/cache/sampler_test.pkl.
Loading cached sampler from /home1/ppatel2025/nowcasting2/nowcaster_models/ldcast/cache/sampler_train.pkl.
DataModule ready.
Building model...
Total parameters: 670,525,313
Trainable parameters: 670,525,313
Starting training...
  Data patches: 268606
  Zero patches: 555646
Splitting into train/valid/test...
  train: 202981 data patches, 348817 zero patches
  valid: 54065 data patches, 182344 zero patches
  test: 11560 data patches, 24105 zero patches
Creating DataModule...
Loading cached sampler from /home1/ppatel2025/nowcasting2/nowcaster_models/ldcast/cache/sampler_valid.pkl.
Loading cached sampler from /home1/ppatel2025/nowcasting2/nowcaster_models/ldcast/cache/sampler_test.pkl.
Loading cached sampler from /home1/ppatel2025/nowcasting2/nowcaster_models/ldcast/cache/sampler_train.pkl.
DataModule ready.
Building model...
Total parameters: 670,525,313
Trainable parameters: 670,525,313
Starting training...
  Data patches: 268606
  Zero patches: 555646
Splitting into train/valid/test...
  train: 202981 data patches, 348817 zero patches
  valid: 54065 data patches, 182344 zero patches
  test: 11560 data patches, 24105 zero patches
Creating DataModule...
Loading cached sampler from /home1/ppatel2025/nowcasting2/nowcaster_models/ldcast/cache/sampler_valid.pkl.
Loading cached sampler from /home1/ppatel2025/nowcasting2/nowcaster_models/ldcast/cache/sampler_test.pkl.
Loading cached sampler from /home1/ppatel2025/nowcasting2/nowcaster_models/ldcast/cache/sampler_train.pkl.
DataModule ready.
Building model...
Total parameters: 670,525,313
Trainable parameters: 670,525,313
Starting training...
  Data patches: 268606
  Zero patches: 555646
Splitting into train/valid/test...
  train: 202981 data patches, 348817 zero patches
  valid: 54065 data patches, 182344 zero patches
  test: 11560 data patches, 24105 zero patches
Creating DataModule...
Loading cached sampler from /home1/ppatel2025/nowcasting2/nowcaster_models/ldcast/cache/sampler_valid.pkl.
Loading cached sampler from /home1/ppatel2025/nowcasting2/nowcaster_models/ldcast/cache/sampler_test.pkl.
Loading cached sampler from /home1/ppatel2025/nowcasting2/nowcaster_models/ldcast/cache/sampler_train.pkl.
DataModule ready.
Building model...
Total parameters: 670,525,313
Trainable parameters: 670,525,313
Starting training...
Sanity Checking: |          | 0/? [00:00<?, ?it/s]Sanity Checking:   0%|          | 0/2 [00:00<?, ?it/s]Sanity Checking DataLoader 0:   0%|          | 0/2 [00:00<?, ?it/s]Sanity Checking DataLoader 0:  50%|█████     | 1/2 [00:04<00:04,  0.22it/s]Sanity Checking DataLoader 0: 100%|██████████| 2/2 [00:05<00:00,  0.34it/s]                                                                           Training: |          | 0/? [00:00<?, ?it/s]Training: |          | 0/? [00:00<?, ?it/s]Epoch 30: |          | 0/? [00:00<?, ?it/s]Epoch 30: |          | 1/? [00:04<00:00,  0.25it/s]Epoch 30: |          | 1/? [00:04<00:00,  0.25it/s, v_num=1]Epoch 30: |          | 2/? [00:06<00:00,  0.29it/s, v_num=1]Epoch 30: |          | 2/? [00:06<00:00,  0.29it/s, v_num=1]Epoch 30: |          | 2/? [00:15<00:00,  0.13it/s, v_num=1]