GPU available: True (cuda), used: True
TPU available: False, using: 0 TPU cores
HPU available: False, using: 0 HPUs
You are using a CUDA device ('NVIDIA H200') that has Tensor Cores. To properly utilize them, you should set `torch.set_float32_matmul_precision('medium' | 'high')` which will trade-off precision for performance. For more details, read https://pytorch.org/docs/stable/generated/torch.set_float32_matmul_precision.html#torch.set_float32_matmul_precision
Initializing distributed: GLOBAL_RANK: 0, MEMBER: 1/8
Initializing distributed: GLOBAL_RANK: 1, MEMBER: 2/8
Initializing distributed: GLOBAL_RANK: 7, MEMBER: 8/8
Initializing distributed: GLOBAL_RANK: 4, MEMBER: 5/8
Initializing distributed: GLOBAL_RANK: 2, MEMBER: 3/8
Initializing distributed: GLOBAL_RANK: 3, MEMBER: 4/8
Initializing distributed: GLOBAL_RANK: 6, MEMBER: 7/8
Initializing distributed: GLOBAL_RANK: 5, MEMBER: 6/8
----------------------------------------------------------------------------------------------------
distributed_backend=nccl
All distributed processes registered. Starting with 8 processes
----------------------------------------------------------------------------------------------------

LOCAL_RANK: 1 - CUDA_VISIBLE_DEVICES: [0,1,2,3,4,5,6,7]
LOCAL_RANK: 3 - CUDA_VISIBLE_DEVICES: [0,1,2,3,4,5,6,7]
LOCAL_RANK: 5 - CUDA_VISIBLE_DEVICES: [0,1,2,3,4,5,6,7]
LOCAL_RANK: 0 - CUDA_VISIBLE_DEVICES: [0,1,2,3,4,5,6,7]
LOCAL_RANK: 7 - CUDA_VISIBLE_DEVICES: [0,1,2,3,4,5,6,7]
LOCAL_RANK: 2 - CUDA_VISIBLE_DEVICES: [0,1,2,3,4,5,6,7]
LOCAL_RANK: 4 - CUDA_VISIBLE_DEVICES: [0,1,2,3,4,5,6,7]
LOCAL_RANK: 6 - CUDA_VISIBLE_DEVICES: [0,1,2,3,4,5,6,7]
/home1/ppatel2025/miniconda3/envs/tito_env/lib/python3.12/site-packages/torch/optim/lr_scheduler.py:62: UserWarning: The verbose parameter is deprecated. Please use get_last_lr() to access the learning rate.
  warnings.warn(
/home1/ppatel2025/miniconda3/envs/tito_env/lib/python3.12/site-packages/torch/optim/lr_scheduler.py:62: UserWarning: The verbose parameter is deprecated. Please use get_last_lr() to access the learning rate.
  warnings.warn(
/home1/ppatel2025/miniconda3/envs/tito_env/lib/python3.12/site-packages/torch/optim/lr_scheduler.py:62: UserWarning: The verbose parameter is deprecated. Please use get_last_lr() to access the learning rate.
  warnings.warn(
/home1/ppatel2025/miniconda3/envs/tito_env/lib/python3.12/site-packages/torch/optim/lr_scheduler.py:62: UserWarning: The verbose parameter is deprecated. Please use get_last_lr() to access the learning rate.
  warnings.warn(
/home1/ppatel2025/miniconda3/envs/tito_env/lib/python3.12/site-packages/torch/optim/lr_scheduler.py:62: UserWarning: The verbose parameter is deprecated. Please use get_last_lr() to access the learning rate.
  warnings.warn(
/home1/ppatel2025/miniconda3/envs/tito_env/lib/python3.12/site-packages/torch/optim/lr_scheduler.py:62: UserWarning: The verbose parameter is deprecated. Please use get_last_lr() to access the learning rate.
  warnings.warn(
/home1/ppatel2025/miniconda3/envs/tito_env/lib/python3.12/site-packages/torch/optim/lr_scheduler.py:62: UserWarning: The verbose parameter is deprecated. Please use get_last_lr() to access the learning rate.
  warnings.warn(
/home1/ppatel2025/miniconda3/envs/tito_env/lib/python3.12/site-packages/torch/optim/lr_scheduler.py:62: UserWarning: The verbose parameter is deprecated. Please use get_last_lr() to access the learning rate.
  warnings.warn(

  | Name            | Type                  | Params | Mode 
------------------------------------------------------------------
0 | model           | UNetModel             | 77.2 M | train
1 | autoencoder     | IdentityAutoencoder   | 0      | train
2 | context_encoder | AFNONowcastNetCascade | 5.2 M  | train
3 | model_ema       | LitEma                | 0      | train
------------------------------------------------------------------
82.5 M    Trainable params
0         Non-trainable params
82.5 M    Total params
329.863   Total estimated model params size (MB)
668       Modules in train mode
0         Modules in eval mode
SLURM auto-requeueing enabled. Setting signal handlers.
SLURM auto-requeueing enabled. Setting signal handlers.
SLURM auto-requeueing enabled. Setting signal handlers.
SLURM auto-requeueing enabled. Setting signal handlers.
SLURM auto-requeueing enabled. Setting signal handlers.
SLURM auto-requeueing enabled. Setting signal handlers.
SLURM auto-requeueing enabled. Setting signal handlers.
SLURM auto-requeueing enabled. Setting signal handlers.
/home1/ppatel2025/miniconda3/envs/tito_env/lib/python3.12/site-packages/pytorch_lightning/trainer/connectors/data_connector.py:424: The 'val_dataloader' does not have many workers which may be a bottleneck. Consider increasing the value of the `num_workers` argument` to `num_workers=10` in the `DataLoader` to improve performance.
/home1/ppatel2025/miniconda3/envs/tito_env/lib/python3.12/site-packages/pytorch_lightning/trainer/connectors/data_connector.py:424: The 'train_dataloader' does not have many workers which may be a bottleneck. Consider increasing the value of the `num_workers` argument` to `num_workers=10` in the `DataLoader` to improve performance.
/home1/ppatel2025/miniconda3/envs/tito_env/lib/python3.12/site-packages/torch/autograd/graph.py:825: UserWarning: Grad strides do not match bucket view strides. This may indicate grad was not created according to the gradient layout contract, or that the param's strides changed since DDP was constructed.  This is not an error, but may impair performance.
grad.sizes() = [64, 128, 1, 1, 1], strides() = [128, 1, 128, 128, 128]
bucket_view.sizes() = [64, 128, 1, 1, 1], strides() = [128, 1, 1, 1, 1] (Triggered internally at ../torch/csrc/distributed/c10d/reducer.cpp:327.)
  return Variable._execution_engine.run_backward(  # Calls into the C++ engine to run the backward pass
/home1/ppatel2025/miniconda3/envs/tito_env/lib/python3.12/site-packages/torch/autograd/graph.py:825: UserWarning: Grad strides do not match bucket view strides. This may indicate grad was not created according to the gradient layout contract, or that the param's strides changed since DDP was constructed.  This is not an error, but may impair performance.
grad.sizes() = [64, 128, 1, 1, 1], strides() = [128, 1, 128, 128, 128]
bucket_view.sizes() = [64, 128, 1, 1, 1], strides() = [128, 1, 1, 1, 1] (Triggered internally at ../torch/csrc/distributed/c10d/reducer.cpp:327.)
  return Variable._execution_engine.run_backward(  # Calls into the C++ engine to run the backward pass
/home1/ppatel2025/miniconda3/envs/tito_env/lib/python3.12/site-packages/torch/autograd/graph.py:825: UserWarning: Grad strides do not match bucket view strides. This may indicate grad was not created according to the gradient layout contract, or that the param's strides changed since DDP was constructed.  This is not an error, but may impair performance.
grad.sizes() = [64, 128, 1, 1, 1], strides() = [128, 1, 128, 128, 128]
bucket_view.sizes() = [64, 128, 1, 1, 1], strides() = [128, 1, 1, 1, 1] (Triggered internally at ../torch/csrc/distributed/c10d/reducer.cpp:327.)
  return Variable._execution_engine.run_backward(  # Calls into the C++ engine to run the backward pass
/home1/ppatel2025/miniconda3/envs/tito_env/lib/python3.12/site-packages/torch/autograd/graph.py:825: UserWarning: Grad strides do not match bucket view strides. This may indicate grad was not created according to the gradient layout contract, or that the param's strides changed since DDP was constructed.  This is not an error, but may impair performance.
grad.sizes() = [64, 128, 1, 1, 1], strides() = [128, 1, 128, 128, 128]
bucket_view.sizes() = [64, 128, 1, 1, 1], strides() = [128, 1, 1, 1, 1] (Triggered internally at ../torch/csrc/distributed/c10d/reducer.cpp:327.)
  return Variable._execution_engine.run_backward(  # Calls into the C++ engine to run the backward pass
/home1/ppatel2025/miniconda3/envs/tito_env/lib/python3.12/site-packages/torch/autograd/graph.py:825: UserWarning: Grad strides do not match bucket view strides. This may indicate grad was not created according to the gradient layout contract, or that the param's strides changed since DDP was constructed.  This is not an error, but may impair performance.
grad.sizes() = [64, 128, 1, 1, 1], strides() = [128, 1, 128, 128, 128]
bucket_view.sizes() = [64, 128, 1, 1, 1], strides() = [128, 1, 1, 1, 1] (Triggered internally at ../torch/csrc/distributed/c10d/reducer.cpp:327.)
  return Variable._execution_engine.run_backward(  # Calls into the C++ engine to run the backward pass
/home1/ppatel2025/miniconda3/envs/tito_env/lib/python3.12/site-packages/torch/autograd/graph.py:825: UserWarning: Grad strides do not match bucket view strides. This may indicate grad was not created according to the gradient layout contract, or that the param's strides changed since DDP was constructed.  This is not an error, but may impair performance.
grad.sizes() = [64, 128, 1, 1, 1], strides() = [128, 1, 128, 128, 128]
bucket_view.sizes() = [64, 128, 1, 1, 1], strides() = [128, 1, 1, 1, 1] (Triggered internally at ../torch/csrc/distributed/c10d/reducer.cpp:327.)
  return Variable._execution_engine.run_backward(  # Calls into the C++ engine to run the backward pass
/home1/ppatel2025/miniconda3/envs/tito_env/lib/python3.12/site-packages/torch/autograd/graph.py:825: UserWarning: Grad strides do not match bucket view strides. This may indicate grad was not created according to the gradient layout contract, or that the param's strides changed since DDP was constructed.  This is not an error, but may impair performance.
grad.sizes() = [64, 128, 1, 1, 1], strides() = [128, 1, 128, 128, 128]
bucket_view.sizes() = [64, 128, 1, 1, 1], strides() = [128, 1, 1, 1, 1] (Triggered internally at ../torch/csrc/distributed/c10d/reducer.cpp:327.)
  return Variable._execution_engine.run_backward(  # Calls into the C++ engine to run the backward pass
/home1/ppatel2025/miniconda3/envs/tito_env/lib/python3.12/site-packages/torch/autograd/graph.py:825: UserWarning: Grad strides do not match bucket view strides. This may indicate grad was not created according to the gradient layout contract, or that the param's strides changed since DDP was constructed.  This is not an error, but may impair performance.
grad.sizes() = [64, 128, 1, 1, 1], strides() = [128, 1, 128, 128, 128]
bucket_view.sizes() = [64, 128, 1, 1, 1], strides() = [128, 1, 1, 1, 1] (Triggered internally at ../torch/csrc/distributed/c10d/reducer.cpp:327.)
  return Variable._execution_engine.run_backward(  # Calls into the C++ engine to run the backward pass
/home1/ppatel2025/miniconda3/envs/tito_env/lib/python3.12/site-packages/pytorch_lightning/trainer/connectors/logger_connector/result.py:431: It is recommended to use `self.log('train_loss', ..., sync_dist=True)` when logging on epoch level in distributed setting to accumulate the metric across devices.
[rank: 0] Metric val_loss_ema improved. New best score: 0.074
[rank: 1] Metric val_loss_ema improved. New best score: 0.074
[rank: 4] Metric val_loss_ema improved. New best score: 0.074
[rank: 7] Metric val_loss_ema improved. New best score: 0.074
[rank: 5] Metric val_loss_ema improved. New best score: 0.074
[rank: 6] Metric val_loss_ema improved. New best score: 0.074
[rank: 2] Metric val_loss_ema improved. New best score: 0.074
[rank: 3] Metric val_loss_ema improved. New best score: 0.074
[rank: 0] Metric val_loss_ema improved by 0.017 >= min_delta = 0.0. New best score: 0.057
[rank: 1] Metric val_loss_ema improved by 0.017 >= min_delta = 0.0. New best score: 0.057
[rank: 4] Metric val_loss_ema improved by 0.017 >= min_delta = 0.0. New best score: 0.057
[rank: 5] Metric val_loss_ema improved by 0.017 >= min_delta = 0.0. New best score: 0.057
[rank: 6] Metric val_loss_ema improved by 0.017 >= min_delta = 0.0. New best score: 0.057
[rank: 2] Metric val_loss_ema improved by 0.017 >= min_delta = 0.0. New best score: 0.057
[rank: 3] Metric val_loss_ema improved by 0.017 >= min_delta = 0.0. New best score: 0.057
[rank: 7] Metric val_loss_ema improved by 0.017 >= min_delta = 0.0. New best score: 0.057
[rank: 0] Metric val_loss_ema improved by 0.002 >= min_delta = 0.0. New best score: 0.055
[rank: 6] Metric val_loss_ema improved by 0.002 >= min_delta = 0.0. New best score: 0.055
[rank: 1] Metric val_loss_ema improved by 0.002 >= min_delta = 0.0. New best score: 0.055
[rank: 3] Metric val_loss_ema improved by 0.002 >= min_delta = 0.0. New best score: 0.055
[rank: 4] Metric val_loss_ema improved by 0.002 >= min_delta = 0.0. New best score: 0.055
[rank: 2] Metric val_loss_ema improved by 0.002 >= min_delta = 0.0. New best score: 0.055
[rank: 5] Metric val_loss_ema improved by 0.002 >= min_delta = 0.0. New best score: 0.055
[rank: 7] Metric val_loss_ema improved by 0.002 >= min_delta = 0.0. New best score: 0.055
[rank: 0] Metric val_loss_ema improved by 0.005 >= min_delta = 0.0. New best score: 0.050
[rank: 1] Metric val_loss_ema improved by 0.005 >= min_delta = 0.0. New best score: 0.050
[rank: 5] Metric val_loss_ema improved by 0.005 >= min_delta = 0.0. New best score: 0.050
[rank: 6] Metric val_loss_ema improved by 0.005 >= min_delta = 0.0. New best score: 0.050
[rank: 2] Metric val_loss_ema improved by 0.005 >= min_delta = 0.0. New best score: 0.050
[rank: 3] Metric val_loss_ema improved by 0.005 >= min_delta = 0.0. New best score: 0.050
[rank: 4] Metric val_loss_ema improved by 0.005 >= min_delta = 0.0. New best score: 0.050
[rank: 7] Metric val_loss_ema improved by 0.005 >= min_delta = 0.0. New best score: 0.050
[rank: 0] Metric val_loss_ema improved by 0.001 >= min_delta = 0.0. New best score: 0.049
[rank: 1] Metric val_loss_ema improved by 0.001 >= min_delta = 0.0. New best score: 0.049
[rank: 2] Metric val_loss_ema improved by 0.001 >= min_delta = 0.0. New best score: 0.049
[rank: 3] Metric val_loss_ema improved by 0.001 >= min_delta = 0.0. New best score: 0.049
[rank: 4] Metric val_loss_ema improved by 0.001 >= min_delta = 0.0. New best score: 0.049
[rank: 6] Metric val_loss_ema improved by 0.001 >= min_delta = 0.0. New best score: 0.049
[rank: 5] Metric val_loss_ema improved by 0.001 >= min_delta = 0.0. New best score: 0.049
[rank: 7] Metric val_loss_ema improved by 0.001 >= min_delta = 0.0. New best score: 0.049
[rank: 0] Metric val_loss_ema improved by 0.004 >= min_delta = 0.0. New best score: 0.046
[rank: 2] Metric val_loss_ema improved by 0.004 >= min_delta = 0.0. New best score: 0.046
[rank: 3] Metric val_loss_ema improved by 0.004 >= min_delta = 0.0. New best score: 0.046
[rank: 6] Metric val_loss_ema improved by 0.004 >= min_delta = 0.0. New best score: 0.046
[rank: 1] Metric val_loss_ema improved by 0.004 >= min_delta = 0.0. New best score: 0.046
[rank: 4] Metric val_loss_ema improved by 0.004 >= min_delta = 0.0. New best score: 0.046
[rank: 7] Metric val_loss_ema improved by 0.004 >= min_delta = 0.0. New best score: 0.046
[rank: 5] Metric val_loss_ema improved by 0.004 >= min_delta = 0.0. New best score: 0.046
[rank: 0] Metric val_loss_ema improved by 0.000 >= min_delta = 0.0. New best score: 0.046
[rank: 5] Metric val_loss_ema improved by 0.000 >= min_delta = 0.0. New best score: 0.046
[rank: 6] Metric val_loss_ema improved by 0.000 >= min_delta = 0.0. New best score: 0.046
[rank: 2] Metric val_loss_ema improved by 0.000 >= min_delta = 0.0. New best score: 0.046
[rank: 3] Metric val_loss_ema improved by 0.000 >= min_delta = 0.0. New best score: 0.046
[rank: 4] Metric val_loss_ema improved by 0.000 >= min_delta = 0.0. New best score: 0.046
[rank: 7] Metric val_loss_ema improved by 0.000 >= min_delta = 0.0. New best score: 0.046
[rank: 1] Metric val_loss_ema improved by 0.000 >= min_delta = 0.0. New best score: 0.046
[rank: 0] Metric val_loss_ema improved by 0.003 >= min_delta = 0.0. New best score: 0.043
[rank: 1] Metric val_loss_ema improved by 0.003 >= min_delta = 0.0. New best score: 0.043
[rank: 2] Metric val_loss_ema improved by 0.003 >= min_delta = 0.0. New best score: 0.043
[rank: 3] Metric val_loss_ema improved by 0.003 >= min_delta = 0.0. New best score: 0.043
[rank: 4] Metric val_loss_ema improved by 0.003 >= min_delta = 0.0. New best score: 0.043
[rank: 5] Metric val_loss_ema improved by 0.003 >= min_delta = 0.0. New best score: 0.043
[rank: 6] Metric val_loss_ema improved by 0.003 >= min_delta = 0.0. New best score: 0.043
[rank: 7] Metric val_loss_ema improved by 0.003 >= min_delta = 0.0. New best score: 0.043
[rank: 0] Metric val_loss_ema improved by 0.001 >= min_delta = 0.0. New best score: 0.042
[rank: 6] Metric val_loss_ema improved by 0.001 >= min_delta = 0.0. New best score: 0.042
[rank: 2] Metric val_loss_ema improved by 0.001 >= min_delta = 0.0. New best score: 0.042
[rank: 3] Metric val_loss_ema improved by 0.001 >= min_delta = 0.0. New best score: 0.042
[rank: 4] Metric val_loss_ema improved by 0.001 >= min_delta = 0.0. New best score: 0.042
[rank: 5] Metric val_loss_ema improved by 0.001 >= min_delta = 0.0. New best score: 0.042
[rank: 1] Metric val_loss_ema improved by 0.001 >= min_delta = 0.0. New best score: 0.042
[rank: 7] Metric val_loss_ema improved by 0.001 >= min_delta = 0.0. New best score: 0.042
[rank: 0] Metric val_loss_ema improved by 0.001 >= min_delta = 0.0. New best score: 0.041
[rank: 1] Metric val_loss_ema improved by 0.001 >= min_delta = 0.0. New best score: 0.041
[rank: 3] Metric val_loss_ema improved by 0.001 >= min_delta = 0.0. New best score: 0.041
[rank: 7] Metric val_loss_ema improved by 0.001 >= min_delta = 0.0. New best score: 0.041
[rank: 2] Metric val_loss_ema improved by 0.001 >= min_delta = 0.0. New best score: 0.041
[rank: 6] Metric val_loss_ema improved by 0.001 >= min_delta = 0.0. New best score: 0.041
[rank: 5] Metric val_loss_ema improved by 0.001 >= min_delta = 0.0. New best score: 0.041
[rank: 4] Metric val_loss_ema improved by 0.001 >= min_delta = 0.0. New best score: 0.041
[rank: 0] Metric val_loss_ema improved by 0.001 >= min_delta = 0.0. New best score: 0.040
[rank: 1] Metric val_loss_ema improved by 0.001 >= min_delta = 0.0. New best score: 0.040
[rank: 2] Metric val_loss_ema improved by 0.001 >= min_delta = 0.0. New best score: 0.040
[rank: 3] Metric val_loss_ema improved by 0.001 >= min_delta = 0.0. New best score: 0.040
[rank: 5] Metric val_loss_ema improved by 0.001 >= min_delta = 0.0. New best score: 0.040
[rank: 6] Metric val_loss_ema improved by 0.001 >= min_delta = 0.0. New best score: 0.040
[rank: 7] Metric val_loss_ema improved by 0.001 >= min_delta = 0.0. New best score: 0.040
[rank: 4] Metric val_loss_ema improved by 0.001 >= min_delta = 0.0. New best score: 0.040
[rank: 0] Metric val_loss_ema improved by 0.000 >= min_delta = 0.0. New best score: 0.039
[rank: 2] Metric val_loss_ema improved by 0.000 >= min_delta = 0.0. New best score: 0.039
[rank: 3] Metric val_loss_ema improved by 0.000 >= min_delta = 0.0. New best score: 0.039
[rank: 4] Metric val_loss_ema improved by 0.000 >= min_delta = 0.0. New best score: 0.039
[rank: 5] Metric val_loss_ema improved by 0.000 >= min_delta = 0.0. New best score: 0.039
[rank: 1] Metric val_loss_ema improved by 0.000 >= min_delta = 0.0. New best score: 0.039
[rank: 6] Metric val_loss_ema improved by 0.000 >= min_delta = 0.0. New best score: 0.039
[rank: 7] Metric val_loss_ema improved by 0.000 >= min_delta = 0.0. New best score: 0.039
[rank: 0] Metric val_loss_ema improved by 0.000 >= min_delta = 0.0. New best score: 0.039
[rank: 2] Metric val_loss_ema improved by 0.000 >= min_delta = 0.0. New best score: 0.039
[rank: 3] Metric val_loss_ema improved by 0.000 >= min_delta = 0.0. New best score: 0.039
[rank: 6] Metric val_loss_ema improved by 0.000 >= min_delta = 0.0. New best score: 0.039
[rank: 1] Metric val_loss_ema improved by 0.000 >= min_delta = 0.0. New best score: 0.039
[rank: 4] Metric val_loss_ema improved by 0.000 >= min_delta = 0.0. New best score: 0.039
[rank: 7] Metric val_loss_ema improved by 0.000 >= min_delta = 0.0. New best score: 0.039
[rank: 5] Metric val_loss_ema improved by 0.000 >= min_delta = 0.0. New best score: 0.039
[rank: 0] Metric val_loss_ema improved by 0.001 >= min_delta = 0.0. New best score: 0.039
[rank: 3] Metric val_loss_ema improved by 0.001 >= min_delta = 0.0. New best score: 0.039
[rank: 5] Metric val_loss_ema improved by 0.001 >= min_delta = 0.0. New best score: 0.039
[rank: 6] Metric val_loss_ema improved by 0.001 >= min_delta = 0.0. New best score: 0.039
[rank: 7] Metric val_loss_ema improved by 0.001 >= min_delta = 0.0. New best score: 0.039
[rank: 1] Metric val_loss_ema improved by 0.001 >= min_delta = 0.0. New best score: 0.039
[rank: 2] Metric val_loss_ema improved by 0.001 >= min_delta = 0.0. New best score: 0.039
[rank: 4] Metric val_loss_ema improved by 0.001 >= min_delta = 0.0. New best score: 0.039
[rank: 0] Metric val_loss_ema improved by 0.001 >= min_delta = 0.0. New best score: 0.038
[rank: 5] Metric val_loss_ema improved by 0.001 >= min_delta = 0.0. New best score: 0.038
[rank: 6] Metric val_loss_ema improved by 0.001 >= min_delta = 0.0. New best score: 0.038
[rank: 1] Metric val_loss_ema improved by 0.001 >= min_delta = 0.0. New best score: 0.038
[rank: 2] Metric val_loss_ema improved by 0.001 >= min_delta = 0.0. New best score: 0.038
[rank: 3] Metric val_loss_ema improved by 0.001 >= min_delta = 0.0. New best score: 0.038
[rank: 4] Metric val_loss_ema improved by 0.001 >= min_delta = 0.0. New best score: 0.038
[rank: 7] Metric val_loss_ema improved by 0.001 >= min_delta = 0.0. New best score: 0.038
[rank: 0] Metric val_loss_ema improved by 0.001 >= min_delta = 0.0. New best score: 0.037
[rank: 1] Metric val_loss_ema improved by 0.001 >= min_delta = 0.0. New best score: 0.037
[rank: 3] Metric val_loss_ema improved by 0.001 >= min_delta = 0.0. New best score: 0.037
[rank: 5] Metric val_loss_ema improved by 0.001 >= min_delta = 0.0. New best score: 0.037
[rank: 6] Metric val_loss_ema improved by 0.001 >= min_delta = 0.0. New best score: 0.037
[rank: 2] Metric val_loss_ema improved by 0.001 >= min_delta = 0.0. New best score: 0.037
[rank: 4] Metric val_loss_ema improved by 0.001 >= min_delta = 0.0. New best score: 0.037
[rank: 7] Metric val_loss_ema improved by 0.001 >= min_delta = 0.0. New best score: 0.037
[rank: 0] Metric val_loss_ema improved by 0.001 >= min_delta = 0.0. New best score: 0.037
[rank: 2] Metric val_loss_ema improved by 0.001 >= min_delta = 0.0. New best score: 0.037
[rank: 3] Metric val_loss_ema improved by 0.001 >= min_delta = 0.0. New best score: 0.037
[rank: 6] Metric val_loss_ema improved by 0.001 >= min_delta = 0.0. New best score: 0.037
[rank: 7] Metric val_loss_ema improved by 0.001 >= min_delta = 0.0. New best score: 0.037
[rank: 1] Metric val_loss_ema improved by 0.001 >= min_delta = 0.0. New best score: 0.037
[rank: 5] Metric val_loss_ema improved by 0.001 >= min_delta = 0.0. New best score: 0.037
[rank: 4] Metric val_loss_ema improved by 0.001 >= min_delta = 0.0. New best score: 0.037
[rank: 0] Monitored metric val_loss_ema did not improve in the last 7 records. Best score: 0.037. Signaling Trainer to stop.
[rank: 6] Monitored metric val_loss_ema did not improve in the last 7 records. Best score: 0.037. Signaling Trainer to stop.
[rank: 1] Monitored metric val_loss_ema did not improve in the last 7 records. Best score: 0.037. Signaling Trainer to stop.
[rank: 2] Monitored metric val_loss_ema did not improve in the last 7 records. Best score: 0.037. Signaling Trainer to stop.
[rank: 3] Monitored metric val_loss_ema did not improve in the last 7 records. Best score: 0.037. Signaling Trainer to stop.
[rank: 4] Monitored metric val_loss_ema did not improve in the last 7 records. Best score: 0.037. Signaling Trainer to stop.
[rank: 7] Monitored metric val_loss_ema did not improve in the last 7 records. Best score: 0.037. Signaling Trainer to stop.
[rank: 5] Monitored metric val_loss_ema did not improve in the last 7 records. Best score: 0.037. Signaling Trainer to stop.
